2026-07-04T03:34:23Z LAUNCH datasets=hotpot,musique,multihop workers=2 kb=True seed_barrier=False warmup=True units=57
2026-07-04T03:34:23Z START hotpot/random/seed_1 attempt=1
2026-07-04T03:34:23Z START musique/random/seed_1 attempt=1
2026-07-04T04:57:12Z DONE musique/random/seed_1 rc=0
2026-07-04T04:57:12Z START multihop/random/seed_1 attempt=1
2026-07-04T04:59:49Z DONE hotpot/random/seed_1 rc=0
2026-07-04T04:59:49Z START hotpot/agentic_score/seed_1 attempt=1
2026-07-04T06:00:38Z DONE multihop/random/seed_1 rc=0
2026-07-04T06:00:39Z START musique/agentic_score/seed_1 attempt=1
2026-07-04T06:27:15Z DONE hotpot/agentic_score/seed_1 rc=0
2026-07-04T06:27:15Z START hotpot/agentic_nokb_nodiag/seed_1 attempt=1
2026-07-04T07:33:25Z DONE hotpot/agentic_nokb_nodiag/seed_1 rc=0
2026-07-04T07:33:25Z START hotpot/motpe/seed_1 attempt=1
2026-07-04T07:37:11Z DONE musique/agentic_score/seed_1 rc=0
2026-07-04T07:37:11Z START musique/agentic_nokb_nodiag/seed_1 attempt=1
2026-07-04T08:18:45Z DONE hotpot/motpe/seed_1 rc=0
2026-07-04T08:18:45Z START hotpot/motpe_warm/seed_1 attempt=1
2026-07-04T08:41:00Z DONE musique/agentic_nokb_nodiag/seed_1 rc=0
2026-07-04T08:41:00Z START musique/motpe/seed_1 attempt=1
2026-07-04T09:36:11Z DONE musique/motpe/seed_1 rc=0
2026-07-04T09:36:11Z START musique/motpe_warm/seed_1 attempt=1
2026-07-04T10:24:13Z DONE musique/motpe_warm/seed_1 rc=0
2026-07-04T10:24:13Z START musique/kb_greedy/seed_1 attempt=1
2026-07-04T10:26:56Z DONE musique/kb_greedy/seed_1 rc=0
2026-07-04T10:26:56Z START multihop/agentic_score/seed_1 attempt=1
2026-07-04T12:07:47Z DONE hotpot/motpe_warm/seed_1 rc=0
2026-07-04T12:07:47Z START hotpot/kb_greedy/seed_1 attempt=1
2026-07-04T12:11:57Z DONE multihop/agentic_score/seed_1 rc=0
2026-07-04T12:11:57Z START multihop/agentic_nokb_nodiag/seed_1 attempt=1
2026-07-04T12:12:59Z DONE hotpot/kb_greedy/seed_1 rc=0
2026-07-04T12:12:59Z START multihop/motpe/seed_1 attempt=1
2026-07-04T13:03:07Z DONE multihop/motpe/seed_1 rc=0
2026-07-04T13:03:07Z START multihop/motpe_warm/seed_1 attempt=1
2026-07-04T13:15:17Z DONE multihop/agentic_nokb_nodiag/seed_1 rc=0
2026-07-04T13:15:17Z START multihop/kb_greedy/seed_1 attempt=1
2026-07-04T13:18:56Z DONE multihop/kb_greedy/seed_1 rc=0
2026-07-04T13:18:56Z START hotpot/random/seed_2 attempt=1
2026-07-04T14:05:23Z DONE multihop/motpe_warm/seed_1 rc=0
2026-07-04T14:05:23Z START musique/random/seed_2 attempt=1
2026-07-04T14:20:39Z DONE hotpot/random/seed_2 rc=0
2026-07-04T14:20:39Z START multihop/random/seed_2 attempt=1
2026-07-04T15:04:17Z DONE musique/random/seed_2 rc=0
2026-07-04T15:04:17Z START hotpot/agentic_score/seed_2 attempt=1
2026-07-04T15:09:00Z DONE multihop/random/seed_2 rc=0
2026-07-04T15:09:00Z START musique/agentic_score/seed_2 attempt=1
2026-07-04T16:13:46Z DONE musique/agentic_score/seed_2 rc=0
2026-07-04T16:13:46Z START musique/agentic_nokb_nodiag/seed_2 attempt=1
2026-07-04T16:19:01Z DONE hotpot/agentic_score/seed_2 rc=0
2026-07-04T16:19:01Z START hotpot/agentic_nokb_nodiag/seed_2 attempt=1
2026-07-04T17:12:08Z DONE hotpot/agentic_nokb_nodiag/seed_2 rc=0
2026-07-04T17:12:08Z START hotpot/motpe/seed_2 attempt=1
2026-07-04T17:28:09Z DONE musique/agentic_nokb_nodiag/seed_2 rc=0
2026-07-04T17:28:09Z START musique/motpe/seed_2 attempt=1
2026-07-04T18:07:04Z DONE hotpot/motpe/seed_2 rc=0
2026-07-04T18:07:04Z START hotpot/motpe_warm/seed_2 attempt=1
2026-07-04T18:17:12Z DONE musique/motpe/seed_2 rc=0
2026-07-04T18:17:12Z START musique/motpe_warm/seed_2 attempt=1
2026-07-04T18:57:42Z DONE hotpot/motpe_warm/seed_2 rc=0
2026-07-04T18:57:42Z START hotpot/kb_greedy/seed_2 attempt=1
2026-07-04T18:59:27Z DONE hotpot/kb_greedy/seed_2 rc=0
2026-07-04T18:59:27Z START multihop/agentic_score/seed_2 attempt=1
2026-07-04T19:01:59Z DONE musique/motpe_warm/seed_2 rc=0
2026-07-04T19:01:59Z START musique/kb_greedy/seed_2 attempt=1
2026-07-04T19:04:05Z DONE musique/kb_greedy/seed_2 rc=0
2026-07-04T19:04:05Z START multihop/agentic_nokb_nodiag/seed_2 attempt=1
2026-07-04T20:41:22Z DONE multihop/agentic_score/seed_2 rc=0
2026-07-04T20:41:22Z START multihop/motpe/seed_2 attempt=1
2026-07-04T20:50:18Z DONE multihop/agentic_nokb_nodiag/seed_2 rc=0
2026-07-04T20:50:18Z START multihop/motpe_warm/seed_2 attempt=1
2026-07-04T21:29:09Z DONE multihop/motpe/seed_2 rc=0
2026-07-04T21:29:09Z START multihop/kb_greedy/seed_2 attempt=1
2026-07-04T21:32:10Z DONE multihop/kb_greedy/seed_2 rc=0
2026-07-04T21:32:10Z START hotpot/random/seed_3 attempt=1
2026-07-04T21:40:28Z DONE multihop/motpe_warm/seed_2 rc=0
2026-07-04T21:40:28Z START musique/random/seed_3 attempt=1
2026-07-04T22:19:42Z DONE hotpot/random/seed_3 rc=0
2026-07-04T22:19:42Z START multihop/random/seed_3 attempt=1
2026-07-04T22:23:44Z DONE musique/random/seed_3 rc=0
2026-07-04T22:23:44Z START hotpot/agentic_score/seed_3 attempt=1
2026-07-04T23:00:28Z DONE multihop/random/seed_3 rc=0
2026-07-04T23:00:28Z START musique/agentic_score/seed_3 attempt=1
2026-07-04T23:29:10Z DONE hotpot/agentic_score/seed_3 rc=0
2026-07-04T23:29:10Z START hotpot/agentic_nokb_nodiag/seed_3 attempt=1
2026-07-05T00:03:50Z DONE musique/agentic_score/seed_3 rc=0
2026-07-05T00:03:50Z START musique/agentic_nokb_nodiag/seed_3 attempt=1
2026-07-05T00:13:10Z DONE hotpot/agentic_nokb_nodiag/seed_3 rc=0
2026-07-05T00:13:10Z START hotpot/motpe/seed_3 attempt=1
2026-07-05T00:55:39Z DONE hotpot/motpe/seed_3 rc=0
2026-07-05T00:55:39Z START hotpot/motpe_warm/seed_3 attempt=1
2026-07-05T00:56:12Z DONE musique/agentic_nokb_nodiag/seed_3 rc=0
2026-07-05T00:56:12Z START musique/motpe/seed_3 attempt=1
2026-07-05T01:35:53Z DONE hotpot/motpe_warm/seed_3 rc=0
2026-07-05T01:35:53Z START hotpot/kb_greedy/seed_3 attempt=1
2026-07-05T01:37:17Z DONE hotpot/kb_greedy/seed_3 rc=0
2026-07-05T01:37:17Z START multihop/agentic_score/seed_3 attempt=1
2026-07-05T01:41:42Z DONE musique/motpe/seed_3 rc=0
2026-07-05T01:41:42Z START musique/motpe_warm/seed_3 attempt=1
2026-07-05T02:29:09Z DONE musique/motpe_warm/seed_3 rc=0
2026-07-05T02:29:09Z START musique/kb_greedy/seed_3 attempt=1
2026-07-05T02:31:33Z DONE musique/kb_greedy/seed_3 rc=0
2026-07-05T02:31:33Z START multihop/agentic_nokb_nodiag/seed_3 attempt=1
2026-07-05T03:12:29Z DONE multihop/agentic_score/seed_3 rc=0
2026-07-05T03:12:29Z START multihop/motpe/seed_3 attempt=1
2026-07-05T03:36:56Z DONE multihop/agentic_nokb_nodiag/seed_3 rc=0
2026-07-05T03:36:56Z START multihop/motpe_warm/seed_3 attempt=1
2026-07-05T03:52:18Z DONE multihop/motpe/seed_3 rc=0
2026-07-05T03:52:18Z START multihop/kb_greedy/seed_3 attempt=1
2026-07-05T03:56:39Z DONE multihop/kb_greedy/seed_3 rc=0
2026-07-05T03:56:39Z START hotpot/analyze attempt=1
2026-07-05T03:56:41Z DONE hotpot/analyze rc=0
2026-07-05T03:56:41Z START musique/analyze attempt=1
2026-07-05T03:56:43Z DONE musique/analyze rc=0
2026-07-05T04:12:17Z DONE multihop/motpe_warm/seed_3 rc=0
2026-07-05T04:12:17Z START multihop/analyze attempt=1
2026-07-05T04:12:19Z DONE multihop/analyze rc=0
2026-07-05T04:12:19Z COMPLETE_OK
2026-07-14T22:41:12Z LAUNCH datasets=hotpot,musique,multihop workers=2 kb=True seed_barrier=False warmup=True units=183
2026-07-14T22:41:12Z START hotpot/agentic_score/seed_1 attempt=1
2026-07-14T22:41:12Z START musique/agentic_score/seed_1 attempt=1
2026-07-14T23:52:37Z DONE hotpot/agentic_score/seed_1 rc=0
2026-07-14T23:52:37Z START multihop/agentic_score/seed_1 attempt=1
2026-07-15T00:04:17Z DONE musique/agentic_score/seed_1 rc=0
2026-07-15T00:04:17Z START hotpot/agentic_score/seed_2 attempt=1
2026-07-15T01:22:53Z DONE hotpot/agentic_score/seed_2 rc=0
2026-07-15T01:22:53Z START musique/agentic_score/seed_2 attempt=1
2026-07-15T01:24:56Z DONE multihop/agentic_score/seed_1 rc=0
2026-07-15T01:24:56Z START multihop/agentic_score/seed_2 attempt=1
2026-07-15T02:46:56Z DONE musique/agentic_score/seed_2 rc=0
2026-07-15T02:46:56Z START hotpot/agentic_score/seed_3 attempt=1
2026-07-15T03:22:11Z DONE multihop/agentic_score/seed_2 rc=0
2026-07-15T03:22:11Z START musique/agentic_score/seed_3 attempt=1
2026-07-15T04:02:14Z DONE hotpot/agentic_score/seed_3 rc=0
2026-07-15T04:02:14Z START multihop/agentic_score/seed_3 attempt=1
2026-07-15T04:50:46Z DONE musique/agentic_score/seed_3 rc=0
2026-07-15T04:50:46Z START hotpot/random/seed_4 attempt=1
2026-07-15T05:26:46Z DONE multihop/agentic_score/seed_3 rc=0
2026-07-15T05:26:46Z START musique/random/seed_4 attempt=1
2026-07-15T06:23:29Z DONE hotpot/random/seed_4 rc=0
2026-07-15T06:23:29Z START multihop/random/seed_4 attempt=1
2026-07-15T06:25:26Z DONE musique/random/seed_4 rc=0
2026-07-15T06:25:26Z START hotpot/agentic_score/seed_4 attempt=1
2026-07-15T07:06:19Z DONE multihop/random/seed_4 rc=0
2026-07-15T07:06:19Z START musique/agentic_score/seed_4 attempt=1
2026-07-15T07:43:10Z DONE hotpot/agentic_score/seed_4 rc=0
2026-07-15T07:43:10Z START hotpot/agentic_nokb_nodiag/seed_4 attempt=1
2026-07-15T08:20:59Z DONE musique/agentic_score/seed_4 rc=0
2026-07-15T08:20:59Z START musique/agentic_nokb_nodiag/seed_4 attempt=1
2026-07-15T08:42:08Z DONE hotpot/agentic_nokb_nodiag/seed_4 rc=0
2026-07-15T08:42:08Z START hotpot/motpe/seed_4 attempt=1
2026-07-15T09:02:15Z DONE musique/agentic_nokb_nodiag/seed_4 rc=0
2026-07-15T09:02:15Z START musique/motpe/seed_4 attempt=1
2026-07-15T09:37:08Z DONE hotpot/motpe/seed_4 rc=0
2026-07-15T09:37:08Z START hotpot/motpe_warm/seed_4 attempt=1
2026-07-15T09:51:38Z DONE musique/motpe/seed_4 rc=0
2026-07-15T09:51:38Z START musique/motpe_warm/seed_4 attempt=1
2026-07-15T10:25:52Z DONE hotpot/motpe_warm/seed_4 rc=0
2026-07-15T10:25:52Z START hotpot/kb_greedy/seed_4 attempt=1
2026-07-15T10:27:26Z DONE hotpot/kb_greedy/seed_4 rc=0
2026-07-15T10:27:26Z START multihop/agentic_score/seed_4 attempt=1
2026-07-15T10:40:26Z DONE musique/motpe_warm/seed_4 rc=0
2026-07-15T10:40:26Z START musique/kb_greedy/seed_4 attempt=1
2026-07-15T10:42:18Z DONE musique/kb_greedy/seed_4 rc=0
2026-07-15T10:42:18Z START multihop/agentic_nokb_nodiag/seed_4 attempt=1
2026-07-15T11:40:29Z DONE multihop/agentic_nokb_nodiag/seed_4 rc=0
2026-07-15T11:40:29Z START multihop/motpe/seed_4 attempt=1
2026-07-15T11:56:47Z DONE multihop/agentic_score/seed_4 rc=0
2026-07-15T11:56:47Z START multihop/motpe_warm/seed_4 attempt=1
2026-07-15T12:48:40Z DONE multihop/motpe/seed_4 rc=0
2026-07-15T12:48:40Z START multihop/kb_greedy/seed_4 attempt=1
2026-07-15T12:53:53Z DONE multihop/kb_greedy/seed_4 rc=0
2026-07-15T12:53:53Z START hotpot/random/seed_5 attempt=1
2026-07-15T12:56:15Z DONE multihop/motpe_warm/seed_4 rc=0
2026-07-15T12:56:15Z START musique/random/seed_5 attempt=1
2026-07-15T13:47:44Z DONE hotpot/random/seed_5 rc=0
2026-07-15T13:47:44Z START multihop/random/seed_5 attempt=1
2026-07-15T13:49:58Z DONE musique/random/seed_5 rc=0
2026-07-15T13:49:58Z START hotpot/agentic_score/seed_5 attempt=1
2026-07-15T14:35:49Z DONE multihop/random/seed_5 rc=0
2026-07-15T14:35:49Z START musique/agentic_score/seed_5 attempt=1
2026-07-15T15:00:34Z DONE hotpot/agentic_score/seed_5 rc=0
2026-07-15T15:00:34Z START hotpot/agentic_nokb_nodiag/seed_5 attempt=1
2026-07-15T16:07:24Z DONE musique/agentic_score/seed_5 rc=0
2026-07-15T16:07:24Z START musique/agentic_nokb_nodiag/seed_5 attempt=1
2026-07-15T16:15:04Z DONE hotpot/agentic_nokb_nodiag/seed_5 rc=0
2026-07-15T16:15:04Z START hotpot/motpe/seed_5 attempt=1
2026-07-15T17:01:10Z DONE musique/agentic_nokb_nodiag/seed_5 rc=0
2026-07-15T17:01:10Z START musique/motpe/seed_5 attempt=1
2026-07-15T17:06:26Z DONE hotpot/motpe/seed_5 rc=0
2026-07-15T17:06:26Z START hotpot/motpe_warm/seed_5 attempt=1
2026-07-15T17:55:16Z DONE hotpot/motpe_warm/seed_5 rc=0
2026-07-15T17:55:16Z START hotpot/kb_greedy/seed_5 attempt=1
2026-07-15T17:57:29Z DONE hotpot/kb_greedy/seed_5 rc=0
2026-07-15T17:57:29Z START multihop/agentic_score/seed_5 attempt=1
2026-07-15T17:58:07Z DONE musique/motpe/seed_5 rc=0
2026-07-15T17:58:07Z START musique/motpe_warm/seed_5 attempt=1
2026-07-15T18:52:56Z DONE musique/motpe_warm/seed_5 rc=0
2026-07-15T18:52:56Z START musique/kb_greedy/seed_5 attempt=1
2026-07-15T18:55:48Z DONE musique/kb_greedy/seed_5 rc=0
2026-07-15T18:55:48Z START multihop/agentic_nokb_nodiag/seed_5 attempt=1
2026-07-15T20:01:42Z DONE multihop/agentic_nokb_nodiag/seed_5 rc=0
2026-07-15T20:01:42Z START multihop/motpe/seed_5 attempt=1
2026-07-15T20:04:08Z DONE multihop/agentic_score/seed_5 rc=0
2026-07-15T20:04:08Z START multihop/motpe_warm/seed_5 attempt=1
2026-07-15T20:45:01Z DONE multihop/motpe_warm/seed_5 rc=0
2026-07-15T20:45:01Z START multihop/kb_greedy/seed_5 attempt=1
2026-07-15T20:47:46Z DONE multihop/kb_greedy/seed_5 rc=0
2026-07-15T20:47:46Z START hotpot/random/seed_6 attempt=1
2026-07-15T20:57:47Z DONE multihop/motpe/seed_5 rc=0
2026-07-15T20:57:47Z START musique/random/seed_6 attempt=1
2026-07-15T21:39:28Z DONE hotpot/random/seed_6 rc=0
2026-07-15T21:39:28Z START multihop/random/seed_6 attempt=1
2026-07-15T21:42:20Z DONE musique/random/seed_6 rc=0
2026-07-15T21:42:20Z START hotpot/agentic_score/seed_6 attempt=1
2026-07-15T22:24:08Z DONE multihop/random/seed_6 rc=0
2026-07-15T22:24:08Z START musique/agentic_score/seed_6 attempt=1
2026-07-15T22:40:23Z DONE hotpot/agentic_score/seed_6 rc=0
2026-07-15T22:40:23Z START hotpot/agentic_nokb_nodiag/seed_6 attempt=1
2026-07-15T23:36:08Z DONE hotpot/agentic_nokb_nodiag/seed_6 rc=0
2026-07-15T23:36:08Z START hotpot/motpe/seed_6 attempt=1
2026-07-15T23:48:47Z DONE musique/agentic_score/seed_6 rc=0
2026-07-15T23:48:47Z START musique/agentic_nokb_nodiag/seed_6 attempt=1
2026-07-16T00:18:44Z DONE hotpot/motpe/seed_6 rc=0
2026-07-16T00:18:44Z START hotpot/motpe_warm/seed_6 attempt=1
2026-07-16T00:58:30Z DONE hotpot/motpe_warm/seed_6 rc=0
2026-07-16T00:58:30Z START hotpot/kb_greedy/seed_6 attempt=1
2026-07-16T01:00:00Z DONE hotpot/kb_greedy/seed_6 rc=0
2026-07-16T01:00:00Z START multihop/agentic_score/seed_6 attempt=1
2026-07-16T01:19:23Z DONE musique/agentic_nokb_nodiag/seed_6 rc=0
2026-07-16T01:19:23Z START musique/motpe/seed_6 attempt=1
2026-07-16T02:11:22Z DONE musique/motpe/seed_6 rc=0
2026-07-16T02:11:22Z START musique/motpe_warm/seed_6 attempt=1
2026-07-16T02:58:27Z DONE musique/motpe_warm/seed_6 rc=0
2026-07-16T02:58:27Z START musique/kb_greedy/seed_6 attempt=1
2026-07-16T03:00:34Z DONE multihop/agentic_score/seed_6 rc=0
2026-07-16T03:00:34Z START multihop/agentic_nokb_nodiag/seed_6 attempt=1
2026-07-16T03:01:00Z DONE musique/kb_greedy/seed_6 rc=0
2026-07-16T03:01:00Z START multihop/motpe/seed_6 attempt=1
2026-07-16T04:02:08Z DONE multihop/motpe/seed_6 rc=0
2026-07-16T04:02:08Z START multihop/motpe_warm/seed_6 attempt=1
2026-07-16T04:30:20Z DONE multihop/agentic_nokb_nodiag/seed_6 rc=0
2026-07-16T04:30:20Z START multihop/kb_greedy/seed_6 attempt=1
2026-07-16T04:33:34Z DONE multihop/kb_greedy/seed_6 rc=0
2026-07-16T04:33:34Z START hotpot/random/seed_7 attempt=1
2026-07-16T04:56:01Z DONE multihop/motpe_warm/seed_6 rc=0
2026-07-16T04:56:01Z START musique/random/seed_7 attempt=1
2026-07-16T05:13:03Z DONE hotpot/random/seed_7 rc=0
2026-07-16T05:13:03Z START multihop/random/seed_7 attempt=1
2026-07-16T05:38:33Z DONE musique/random/seed_7 rc=0
2026-07-16T05:38:33Z START hotpot/agentic_score/seed_7 attempt=1
2026-07-16T05:59:21Z DONE multihop/random/seed_7 rc=0
2026-07-16T05:59:21Z START musique/agentic_score/seed_7 attempt=1
2026-07-16T06:52:49Z DONE hotpot/agentic_score/seed_7 rc=0
2026-07-16T06:52:49Z START hotpot/agentic_nokb_nodiag/seed_7 attempt=1
2026-07-16T07:43:53Z DONE musique/agentic_score/seed_7 rc=0
2026-07-16T07:43:53Z START musique/agentic_nokb_nodiag/seed_7 attempt=1
2026-07-16T08:46:12Z DONE hotpot/agentic_nokb_nodiag/seed_7 rc=0
2026-07-16T08:46:12Z START hotpot/motpe/seed_7 attempt=1
2026-07-16T09:58:26Z DONE hotpot/motpe/seed_7 rc=0
2026-07-16T09:58:26Z START hotpot/motpe_warm/seed_7 attempt=1
2026-07-16T10:12:47Z DONE musique/agentic_nokb_nodiag/seed_7 rc=0
2026-07-16T10:12:47Z START musique/motpe/seed_7 attempt=1
2026-07-16T10:45:51Z DONE hotpot/motpe_warm/seed_7 rc=0
2026-07-16T10:45:51Z START hotpot/kb_greedy/seed_7 attempt=1
2026-07-16T10:48:02Z DONE hotpot/kb_greedy/seed_7 rc=0
2026-07-16T10:48:02Z START multihop/agentic_score/seed_7 attempt=1
2026-07-16T10:59:11Z DONE musique/motpe/seed_7 rc=0
2026-07-16T10:59:11Z START musique/motpe_warm/seed_7 attempt=1
2026-07-16T11:49:45Z DONE musique/motpe_warm/seed_7 rc=0
2026-07-16T11:49:45Z START musique/kb_greedy/seed_7 attempt=1
2026-07-16T11:51:45Z DONE musique/kb_greedy/seed_7 rc=0
2026-07-16T11:51:45Z START multihop/agentic_nokb_nodiag/seed_7 attempt=1
2026-07-16T12:55:28Z DONE multihop/agentic_score/seed_7 rc=0
2026-07-16T12:55:28Z START multihop/motpe/seed_7 attempt=1
2026-07-16T13:14:52Z DONE multihop/agentic_nokb_nodiag/seed_7 rc=0
2026-07-16T13:14:52Z START multihop/motpe_warm/seed_7 attempt=1
2026-07-16T13:46:58Z DONE multihop/motpe/seed_7 rc=0
2026-07-16T13:46:58Z START multihop/kb_greedy/seed_7 attempt=1
2026-07-16T13:49:19Z DONE multihop/kb_greedy/seed_7 rc=0
2026-07-16T13:49:19Z START hotpot/random/seed_8 attempt=1
2026-07-16T14:09:12Z DONE multihop/motpe_warm/seed_7 rc=0
2026-07-16T14:09:12Z START musique/random/seed_8 attempt=1
2026-07-16T14:46:51Z DONE hotpot/random/seed_8 rc=0
2026-07-16T14:46:51Z START multihop/random/seed_8 attempt=1
2026-07-16T15:14:38Z DONE musique/random/seed_8 rc=0
2026-07-16T15:14:38Z START hotpot/agentic_score/seed_8 attempt=1
2026-07-16T16:04:53Z DONE multihop/random/seed_8 rc=0
2026-07-16T16:04:53Z START musique/agentic_score/seed_8 attempt=1
2026-07-16T16:43:01Z DONE hotpot/agentic_score/seed_8 rc=0
2026-07-16T16:43:01Z START hotpot/agentic_nokb_nodiag/seed_8 attempt=1
2026-07-16T17:10:33Z DONE musique/agentic_score/seed_8 rc=0
2026-07-16T17:10:33Z START musique/agentic_nokb_nodiag/seed_8 attempt=1
2026-07-16T17:53:33Z DONE hotpot/agentic_nokb_nodiag/seed_8 rc=0
2026-07-16T17:53:33Z START hotpot/motpe/seed_8 attempt=1
2026-07-16T18:02:51Z DONE musique/agentic_nokb_nodiag/seed_8 rc=0
2026-07-16T18:02:51Z START musique/motpe/seed_8 attempt=1
2026-07-16T18:31:00Z DONE hotpot/motpe/seed_8 rc=0
2026-07-16T18:31:00Z START hotpot/motpe_warm/seed_8 attempt=1
2026-07-16T18:48:06Z DONE musique/motpe/seed_8 rc=0
2026-07-16T18:48:06Z START musique/motpe_warm/seed_8 attempt=1
2026-07-16T19:21:33Z DONE hotpot/motpe_warm/seed_8 rc=0
2026-07-16T19:21:33Z START hotpot/kb_greedy/seed_8 attempt=1
2026-07-16T19:23:39Z DONE hotpot/kb_greedy/seed_8 rc=0
2026-07-16T19:23:39Z START multihop/agentic_score/seed_8 attempt=1
2026-07-16T19:37:11Z DONE musique/motpe_warm/seed_8 rc=0
2026-07-16T19:37:11Z START musique/kb_greedy/seed_8 attempt=1
2026-07-16T19:38:57Z DONE musique/kb_greedy/seed_8 rc=0
2026-07-16T19:38:57Z START multihop/agentic_nokb_nodiag/seed_8 attempt=1
2026-07-16T21:18:24Z DONE multihop/agentic_score/seed_8 rc=0
2026-07-16T21:18:24Z START multihop/motpe/seed_8 attempt=1
2026-07-16T21:19:56Z DONE multihop/agentic_nokb_nodiag/seed_8 rc=0
2026-07-16T21:19:56Z START multihop/motpe_warm/seed_8 attempt=1
2026-07-16T21:50:48Z DONE multihop/motpe/seed_8 rc=0
2026-07-16T21:50:48Z START multihop/kb_greedy/seed_8 attempt=1
2026-07-16T21:53:03Z DONE multihop/kb_greedy/seed_8 rc=0
2026-07-16T21:53:03Z START hotpot/random/seed_9 attempt=1
2026-07-16T22:16:21Z DONE multihop/motpe_warm/seed_8 rc=0
2026-07-16T22:16:21Z START musique/random/seed_9 attempt=1
2026-07-16T22:34:13Z DONE hotpot/random/seed_9 rc=0
2026-07-16T22:34:13Z START multihop/random/seed_9 attempt=1
2026-07-16T22:53:03Z DONE musique/random/seed_9 rc=0
2026-07-16T22:53:03Z START hotpot/agentic_score/seed_9 attempt=1
2026-07-16T23:14:01Z DONE multihop/random/seed_9 rc=0
2026-07-16T23:14:01Z START musique/agentic_score/seed_9 attempt=1
2026-07-17T00:01:52Z DONE hotpot/agentic_score/seed_9 rc=0
2026-07-17T00:01:52Z START hotpot/agentic_nokb_nodiag/seed_9 attempt=1
2026-07-17T00:32:29Z DONE musique/agentic_score/seed_9 rc=0
2026-07-17T00:32:29Z START musique/agentic_nokb_nodiag/seed_9 attempt=1
2026-07-17T00:51:34Z DONE hotpot/agentic_nokb_nodiag/seed_9 rc=0
2026-07-17T00:51:34Z START hotpot/motpe/seed_9 attempt=1
2026-07-17T01:23:42Z DONE hotpot/motpe/seed_9 rc=0
2026-07-17T01:23:42Z START hotpot/motpe_warm/seed_9 attempt=1
2026-07-17T01:32:17Z DONE musique/agentic_nokb_nodiag/seed_9 rc=0
2026-07-17T01:32:17Z START musique/motpe/seed_9 attempt=1
2026-07-17T01:55:47Z DONE hotpot/motpe_warm/seed_9 rc=0
2026-07-17T01:55:47Z START hotpot/kb_greedy/seed_9 attempt=1
2026-07-17T01:57:53Z DONE hotpot/kb_greedy/seed_9 rc=0
2026-07-17T01:57:53Z START multihop/agentic_score/seed_9 attempt=1
2026-07-17T02:09:47Z DONE musique/motpe/seed_9 rc=0
2026-07-17T02:09:47Z START musique/motpe_warm/seed_9 attempt=1
2026-07-17T02:51:44Z DONE multihop/agentic_score/seed_9 rc=0
2026-07-17T02:51:44Z START multihop/agentic_nokb_nodiag/seed_9 attempt=1
2026-07-17T02:53:47Z DONE musique/motpe_warm/seed_9 rc=0
2026-07-17T02:53:47Z START musique/kb_greedy/seed_9 attempt=1
2026-07-17T02:55:29Z DONE musique/kb_greedy/seed_9 rc=0
2026-07-17T02:55:29Z START multihop/motpe/seed_9 attempt=1
2026-07-17T03:44:39Z DONE multihop/motpe/seed_9 rc=0
2026-07-17T03:44:39Z START multihop/motpe_warm/seed_9 attempt=1
2026-07-17T03:48:28Z DONE multihop/agentic_nokb_nodiag/seed_9 rc=0
2026-07-17T03:48:28Z START multihop/kb_greedy/seed_9 attempt=1
2026-07-17T03:51:06Z DONE multihop/kb_greedy/seed_9 rc=0
2026-07-17T03:51:06Z START hotpot/random/seed_10 attempt=1
2026-07-17T04:14:39Z DONE multihop/motpe_warm/seed_9 rc=0
2026-07-17T04:14:39Z START musique/random/seed_10 attempt=1
2026-07-17T04:27:52Z DONE hotpot/random/seed_10 rc=0
2026-07-17T04:27:52Z START multihop/random/seed_10 attempt=1
2026-07-17T05:00:48Z DONE musique/random/seed_10 rc=0
2026-07-17T05:00:48Z START hotpot/agentic_score/seed_10 attempt=1
2026-07-17T05:06:19Z DONE multihop/random/seed_10 rc=0
2026-07-17T05:06:19Z START musique/agentic_score/seed_10 attempt=1
2026-07-17T05:59:35Z DONE hotpot/agentic_score/seed_10 rc=0
2026-07-17T05:59:35Z START hotpot/agentic_nokb_nodiag/seed_10 attempt=1
2026-07-17T06:33:34Z DONE musique/agentic_score/seed_10 rc=0
2026-07-17T06:33:34Z START musique/agentic_nokb_nodiag/seed_10 attempt=1
2026-07-17T06:56:14Z DONE hotpot/agentic_nokb_nodiag/seed_10 rc=0
2026-07-17T06:56:14Z START hotpot/motpe/seed_10 attempt=1
2026-07-17T07:02:31Z DONE musique/agentic_nokb_nodiag/seed_10 rc=0
2026-07-17T07:02:31Z START musique/motpe/seed_10 attempt=1
2026-07-17T07:37:47Z DONE musique/motpe/seed_10 rc=0
2026-07-17T07:37:47Z START musique/motpe_warm/seed_10 attempt=1
2026-07-17T07:39:46Z DONE hotpot/motpe/seed_10 rc=0
2026-07-17T07:39:46Z START hotpot/motpe_warm/seed_10 attempt=1
2026-07-17T08:28:57Z DONE hotpot/motpe_warm/seed_10 rc=0
2026-07-17T08:28:57Z START hotpot/kb_greedy/seed_10 attempt=1
2026-07-17T08:30:36Z DONE hotpot/kb_greedy/seed_10 rc=0
2026-07-17T08:30:36Z START multihop/agentic_score/seed_10 attempt=1
2026-07-17T08:47:25Z DONE musique/motpe_warm/seed_10 rc=0
2026-07-17T08:47:25Z START musique/kb_greedy/seed_10 attempt=1
2026-07-17T08:49:46Z DONE musique/kb_greedy/seed_10 rc=0
2026-07-17T08:49:46Z START multihop/agentic_nokb_nodiag/seed_10 attempt=1
2026-07-17T09:35:44Z DONE multihop/agentic_score/seed_10 rc=0
2026-07-17T09:35:44Z START multihop/motpe/seed_10 attempt=1
2026-07-17T09:47:29Z DONE multihop/agentic_nokb_nodiag/seed_10 rc=0
2026-07-17T09:47:29Z START multihop/motpe_warm/seed_10 attempt=1
2026-07-17T10:10:33Z DONE multihop/motpe/seed_10 rc=0
2026-07-17T10:10:33Z START multihop/kb_greedy/seed_10 attempt=1
2026-07-17T10:12:57Z DONE multihop/kb_greedy/seed_10 rc=0
2026-07-17T10:37:00Z DONE multihop/motpe_warm/seed_10 rc=0
2026-07-17T10:37:00Z COMPLETE_OK
